2026-10-06 22:46:52,565 INFO scrapers.base_scraper: Fetching https://books.toscrape.com/
2026-10-06 22:46:54,712 INFO scrapers.books_scraper: Books page 1: collected 20 records
2026-10-06 22:46:55,214 INFO scrapers.base_scraper: Fetching https://books.toscrape.com/catalogue/page-2.html
2026-10-06 22:46:55,742 INFO scrapers.books_scraper: Books page 2: collected 20 records
2026-10-06 22:46:56,245 INFO scrapers.base_scraper: Fetching https://books.toscrape.com/catalogue/page-3.html
2026-10-06 22:46:56,778 INFO scrapers.books_scraper: Books page 3: collected 20 records
2026-10-06 22:46:57,281 INFO scrapers.base_scraper: Fetching https://books.toscrape.com/catalogue/page-4.html
2026-10-06 22:46:57,807 INFO scrapers.books_scraper: Books page 4: collected 20 records
2026-10-06 22:46:58,310 INFO scrapers.base_scraper: Fetching https://books.toscrape.com/catalogue/page-5.html
2026-10-06 22:46:58,834 INFO scrapers.books_scraper: Books page 5: collected 20 records
2026-10-06 22:46:59,338 INFO scrapers.base_scraper: Fetching https://books.toscrape.com/catalogue/page-6.html
2026-10-06 22:46:59,852 INFO scrapers.books_scraper: Books page 6: collected 20 records
2026-10-06 22:47:00,355 INFO scrapers.base_scraper: Fetching https://books.toscrape.com/catalogue/page-7.html
2026-10-06 22:47:00,868 INFO scrapers.books_scraper: Books page 7: collected 20 records
2026-10-06 22:47:01,370 INFO scrapers.base_scraper: Fetching https://books.toscrape.com/catalogue/page-8.html
2026-10-06 22:47:01,885 INFO scrapers.books_scraper: Books page 8: collected 20 records
2026-10-06 22:47:02,387 INFO scrapers.base_scraper: Fetching https://books.toscrape.com/catalogue/page-9.html
2026-10-06 22:47:02,914 INFO scrapers.books_scraper: Books page 9: collected 20 records
2026-10-06 22:47:03,417 INFO scrapers.base_scraper: Fetching https://books.toscrape.com/catalogue/page-10.html
2026-10-06 22:47:03,944 INFO scrapers.books_scraper: Books page 10: collected 20 records
2026-10-06 22:47:04,448 INFO scrapers.base_scraper: Fetching https://books.toscrape.com/catalogue/page-11.html
2026-10-06 22:47:04,959 INFO scrapers.books_scraper: Books page 11: collected 20 records
2026-10-06 22:47:05,461 INFO scrapers.base_scraper: Fetching https://books.toscrape.com/catalogue/page-12.html
2026-10-06 22:47:05,972 INFO scrapers.books_scraper: Books page 12: collected 20 records
2026-10-06 22:47:06,474 INFO scrapers.base_scraper: Fetching https://books.toscrape.com/catalogue/page-13.html
2026-10-06 22:47:07,016 INFO scrapers.books_scraper: Books page 13: collected 20 records
2026-10-06 22:47:07,520 INFO scrapers.base_scraper: Fetching https://books.toscrape.com/catalogue/page-14.html
2026-10-06 22:47:07,801 INFO scrapers.books_scraper: Books page 14: collected 20 records
2026-10-06 22:47:08,304 INFO scrapers.base_scraper: Fetching https://books.toscrape.com/catalogue/page-15.html
2026-10-06 22:47:08,641 INFO scrapers.books_scraper: Books page 15: collected 20 records
2026-10-06 22:47:09,147 INFO scrapers.base_scraper: Fetching https://books.toscrape.com/catalogue/page-16.html
2026-10-06 22:47:09,446 INFO scrapers.books_scraper: Books page 16: collected 20 records
2026-10-06 22:47:09,951 INFO scrapers.base_scraper: Fetching https://books.toscrape.com/catalogue/page-17.html
2026-10-06 22:47:10,233 INFO scrapers.books_scraper: Books page 17: collected 20 records
2026-10-06 22:47:10,737 INFO scrapers.base_scraper: Fetching https://books.toscrape.com/catalogue/page-18.html
2026-10-06 22:47:11,263 INFO scrapers.books_scraper: Books page 18: collected 20 records
2026-10-06 22:47:11,767 INFO scrapers.base_scraper: Fetching https://books.toscrape.com/catalogue/page-19.html
2026-10-06 22:47:12,297 INFO scrapers.books_scraper: Books page 19: collected 20 records
2026-10-06 22:47:12,800 INFO scrapers.base_scraper: Fetching https://books.toscrape.com/catalogue/page-20.html
2026-10-06 22:47:13,354 INFO scrapers.books_scraper: Books page 20: collected 20 records
2026-10-06 22:47:13,858 INFO scrapers.base_scraper: Fetching https://books.toscrape.com/catalogue/page-21.html
2026-10-06 22:47:14,144 INFO scrapers.books_scraper: Books page 21: collected 20 records
2026-10-06 22:47:14,647 INFO scrapers.base_scraper: Fetching https://books.toscrape.com/catalogue/page-22.html
2026-10-06 22:47:14,945 INFO scrapers.books_scraper: Books page 22: collected 20 records
2026-10-06 22:47:15,449 INFO scrapers.base_scraper: Fetching https://books.toscrape.com/catalogue/page-23.html
2026-10-06 22:47:15,993 INFO scrapers.books_scraper: Books page 23: collected 20 records
2026-10-06 22:47:16,496 INFO scrapers.base_scraper: Fetching https://books.toscrape.com/catalogue/page-24.html
2026-10-06 22:47:17,024 INFO scrapers.books_scraper: Books page 24: collected 20 records
2026-10-06 22:47:17,528 INFO scrapers.base_scraper: Fetching https://books.toscrape.com/catalogue/page-25.html
2026-10-06 22:47:18,051 INFO scrapers.books_scraper: Books page 25: collected 20 records
2026-10-06 22:47:18,555 INFO scrapers.base_scraper: Fetching https://books.toscrape.com/catalogue/page-26.html
2026-10-06 22:47:18,864 INFO scrapers.books_scraper: Books page 26: collected 20 records
2026-10-06 22:47:19,367 INFO scrapers.base_scraper: Fetching https://books.toscrape.com/catalogue/page-27.html
2026-10-06 22:47:19,894 INFO scrapers.books_scraper: Books page 27: collected 20 records
2026-10-06 22:47:20,396 INFO scrapers.base_scraper: Fetching https://books.toscrape.com/catalogue/page-28.html
2026-10-06 22:47:20,684 INFO scrapers.books_scraper: Books page 28: collected 20 records
2026-10-06 22:47:21,188 INFO scrapers.base_scraper: Fetching https://books.toscrape.com/catalogue/page-29.html
2026-10-06 22:47:21,470 INFO scrapers.books_scraper: Books page 29: collected 20 records
2026-10-06 22:47:21,973 INFO scrapers.base_scraper: Fetching https://books.toscrape.com/catalogue/page-30.html
2026-10-06 22:47:22,499 INFO scrapers.books_scraper: Books page 30: collected 20 records
2026-10-06 22:47:23,003 INFO scrapers.base_scraper: Fetching https://books.toscrape.com/catalogue/page-31.html
2026-10-06 22:47:23,530 INFO scrapers.books_scraper: Books page 31: collected 20 records
2026-10-06 22:47:24,034 INFO scrapers.base_scraper: Fetching https://books.toscrape.com/catalogue/page-32.html
2026-10-06 22:47:24,582 INFO scrapers.books_scraper: Books page 32: collected 20 records
2026-10-06 22:47:25,087 INFO scrapers.base_scraper: Fetching https://books.toscrape.com/catalogue/page-33.html
2026-10-06 22:47:25,614 INFO scrapers.books_scraper: Books page 33: collected 20 records
2026-10-06 22:47:26,117 INFO scrapers.base_scraper: Fetching https://books.toscrape.com/catalogue/page-34.html
2026-10-06 22:47:26,408 INFO scrapers.books_scraper: Books page 34: collected 20 records
2026-10-06 22:47:26,911 INFO scrapers.base_scraper: Fetching https://books.toscrape.com/catalogue/page-35.html
2026-10-06 22:47:27,442 INFO scrapers.books_scraper: Books page 35: collected 20 records
2026-10-06 22:47:27,945 INFO scrapers.base_scraper: Fetching https://books.toscrape.com/catalogue/page-36.html
2026-10-06 22:47:28,474 INFO scrapers.books_scraper: Books page 36: collected 20 records
2026-10-06 22:47:28,977 INFO scrapers.base_scraper: Fetching https://books.toscrape.com/catalogue/page-37.html
2026-10-06 22:47:29,504 INFO scrapers.books_scraper: Books page 37: collected 20 records
2026-10-06 22:47:30,007 INFO scrapers.base_scraper: Fetching https://books.toscrape.com/catalogue/page-38.html
2026-10-06 22:47:30,533 INFO scrapers.books_scraper: Books page 38: collected 20 records
2026-10-06 22:47:31,036 INFO scrapers.base_scraper: Fetching https://books.toscrape.com/catalogue/page-39.html
2026-10-06 22:47:31,573 INFO scrapers.books_scraper: Books page 39: collected 20 records
2026-10-06 22:47:32,076 INFO scrapers.base_scraper: Fetching https://books.toscrape.com/catalogue/page-40.html
2026-10-06 22:47:32,601 INFO scrapers.books_scraper: Books page 40: collected 20 records
2026-10-06 22:47:33,104 INFO scrapers.base_scraper: Fetching https://books.toscrape.com/catalogue/page-41.html
2026-10-06 22:47:33,385 INFO scrapers.books_scraper: Books page 41: collected 20 records
2026-10-06 22:47:33,888 INFO scrapers.base_scraper: Fetching https://books.toscrape.com/catalogue/page-42.html
2026-10-06 22:47:34,416 INFO scrapers.books_scraper: Books page 42: collected 20 records
2026-10-06 22:47:34,919 INFO scrapers.base_scraper: Fetching https://books.toscrape.com/catalogue/page-43.html
2026-10-06 22:47:35,202 INFO scrapers.books_scraper: Books page 43: collected 20 records
2026-10-06 22:47:35,705 INFO scrapers.base_scraper: Fetching https://books.toscrape.com/catalogue/page-44.html
2026-10-06 22:47:35,984 INFO scrapers.books_scraper: Books page 44: collected 20 records
2026-10-06 22:47:36,487 INFO scrapers.base_scraper: Fetching https://books.toscrape.com/catalogue/page-45.html
2026-10-06 22:47:36,782 INFO scrapers.books_scraper: Books page 45: collected 20 records
2026-10-06 22:47:37,285 INFO scrapers.base_scraper: Fetching https://books.toscrape.com/catalogue/page-46.html
2026-10-06 22:47:37,813 INFO scrapers.books_scraper: Books page 46: collected 20 records
2026-10-06 22:47:38,316 INFO scrapers.base_scraper: Fetching https://books.toscrape.com/catalogue/page-47.html
2026-10-06 22:47:38,831 INFO scrapers.books_scraper: Books page 47: collected 20 records
2026-10-06 22:47:39,333 INFO scrapers.base_scraper: Fetching https://books.toscrape.com/catalogue/page-48.html
2026-10-06 22:47:39,842 INFO scrapers.books_scraper: Books page 48: collected 20 records
2026-10-06 22:47:40,343 INFO scrapers.base_scraper: Fetching https://books.toscrape.com/catalogue/page-49.html
2026-10-06 22:47:40,853 INFO scrapers.books_scraper: Books page 49: collected 20 records
2026-10-06 22:47:41,355 INFO scrapers.base_scraper: Fetching https://books.toscrape.com/catalogue/page-50.html
2026-10-06 22:47:41,869 INFO scrapers.books_scraper: Books page 50: collected 20 records
2026-10-06 22:47:41,870 INFO __main__: Books to Scrape: collected 1000 records; completed=True
2026-10-06 22:47:42,371 INFO scrapers.base_scraper: Fetching https://quotes.toscrape.com/
2026-10-06 22:47:43,835 INFO scrapers.quotes_scraper: Quotes page 1: collected 10 records
2026-10-06 22:47:44,337 INFO scrapers.base_scraper: Fetching https://quotes.toscrape.com/page/2/
2026-10-06 22:47:44,837 INFO scrapers.quotes_scraper: Quotes page 2: collected 10 records
2026-10-06 22:47:45,338 INFO scrapers.base_scraper: Fetching https://quotes.toscrape.com/page/3/
2026-10-06 22:47:45,588 INFO scrapers.quotes_scraper: Quotes page 3: collected 10 records
2026-10-06 22:47:46,089 INFO scrapers.base_scraper: Fetching https://quotes.toscrape.com/page/4/
2026-10-06 22:47:46,353 INFO scrapers.quotes_scraper: Quotes page 4: collected 10 records
2026-10-06 22:47:46,855 INFO scrapers.base_scraper: Fetching https://quotes.toscrape.com/page/5/
2026-10-06 22:47:47,109 INFO scrapers.quotes_scraper: Quotes page 5: collected 10 records
2026-10-06 22:47:47,609 INFO scrapers.base_scraper: Fetching https://quotes.toscrape.com/page/6/
2026-10-06 22:47:47,864 INFO scrapers.quotes_scraper: Quotes page 6: collected 10 records
2026-10-06 22:47:48,365 INFO scrapers.base_scraper: Fetching https://quotes.toscrape.com/page/7/
2026-10-06 22:47:48,618 INFO scrapers.quotes_scraper: Quotes page 7: collected 10 records
2026-10-06 22:47:49,119 INFO scrapers.base_scraper: Fetching https://quotes.toscrape.com/page/8/
2026-10-06 22:47:49,382 INFO scrapers.quotes_scraper: Quotes page 8: collected 10 records
2026-10-06 22:47:49,886 INFO scrapers.base_scraper: Fetching https://quotes.toscrape.com/page/9/
2026-10-06 22:47:50,144 INFO scrapers.quotes_scraper: Quotes page 9: collected 10 records
2026-10-06 22:47:50,646 INFO scrapers.base_scraper: Fetching https://quotes.toscrape.com/page/10/
2026-10-06 22:47:50,900 INFO scrapers.quotes_scraper: Quotes page 10: collected 10 records
2026-10-06 22:47:50,902 INFO __main__: Quotes to Scrape: collected 100 records; completed=True
2026-10-06 22:47:50,961 INFO __main__: Duplicate removed: The Star-Touched Queen
2026-10-06 22:47:50,979 INFO __main__: Run complete: collected=1100 rejected=0 duplicates=1 final=1099
